miktex.org

PS C:\Users\hallgato\Documents\webtech> remove-item alias:curl
PS C:\Users\hallgato\Documents\webtech> curl -O http://b.enjam.info/panam/styling.css -L
  % Total    % Received % Xferd  Average Speed   Time    Time     Time  Current
                                 Dload  Upload   Total   Spent    Left  Speed
100   185  100   185    0     0    185      0  0:00:01 --:--:--  0:00:01   338
100   185  100   185    0     0    185      0  0:00:01  0:00:01 --:--:--   564
100  9040  100  9040    0     0   4520      0  0:00:02  0:00:02 --:--:-- 18080
PS C:\Users\hallgato\Documents\webtech> pandoc .\markdow-nexample.md -s -t html5 -c styling.css --mathjax -o markdown-example.html
[WARNING] This document format requires a nonempty <title> element.
  Please specify either 'title' or 'pagetitle' in the metadata,
  e.g. by using --metadata pagetitle="..." on the command line.
  Falling back to 'markdow-nexample'
PS C:\Users\hallgato\Documents\webtech> pandoc .\markdow-nexample.md -f markdown-smart -t docx -o markdown-example.docx
PS C:\Users\hallgato\Documents\webtech> pandoc .\markdow-nexample.md -f markdown-smart -t docx -o markdown-example.docx
[WARNING] Could not fetch resource 'http://placekitten.com/200/300': PandocHttpError "http://placekitten.com/200/300" (HttpExceptionRequest Request {
    host                 = "placekitten.com"
    port                 = 80
    secure               = False
    requestHeaders       = []
    path                 = "/200/300"
    queryString          = ""
    method               = "GET"
    proxy                = Nothing
    rawBody              = False
    redirectCount        = 10
    responseTimeout      = ResponseTimeoutDefault
    requestVersion       = HTTP/1.1
  }
   ConnectionTimeout)
[WARNING] Could not fetch resource 'http://placekitten.com/200/300': PandocHttpError "http://placekitten.com/200/300" (HttpExceptionRequest Request {
    host                 = "placekitten.com"
    port                 = 80
    secure               = False
    requestHeaders       = []
    path                 = "/200/300"
    queryString          = ""
    method               = "GET"
    proxy                = Nothing
    rawBody              = False
    redirectCount        = 10
    responseTimeout      = ResponseTimeoutDefault
    requestVersion       = HTTP/1.1
  }
   ConnectionTimeout)
PS C:\Users\hallgato\Documents\webtech> pandoc .\markdown-example.md -f markdown-smart -t epub3 -o markdown-example.epub
pandoc.exe: .\markdown-example.md: openBinaryFile: does not exist (No such file or directory)
PS C:\Users\hallgato\Documents\webtech> pandoc .\markdow-nexample.md -f markdown-smart -t epub3 -o markdown-example.epub
[WARNING] Could not fetch resource 'http://placekitten.com/200/300': PandocHttpError "http://placekitten.com/200/300" (HttpExceptionRequest Request {
    host                 = "placekitten.com"
    port                 = 80
    secure               = False
    requestHeaders       = []
    path                 = "/200/300"
    queryString          = ""
    method               = "GET"
    proxy                = Nothing
    rawBody              = False
    redirectCount        = 10
    responseTimeout      = ResponseTimeoutDefault
    requestVersion       = HTTP/1.1
  }
   ConnectionTimeout)
[WARNING] Could not fetch resource 'http://placekitten.com/200/300': PandocHttpError "http://placekitten.com/200/300" (HttpExceptionRequest Request {
    host                 = "placekitten.com"
    port                 = 80
    secure               = False
    requestHeaders       = []
    path                 = "/200/300"
    queryString          = ""
    method               = "GET"
    proxy                = Nothing
    rawBody              = False
    redirectCount        = 10
    responseTimeout      = ResponseTimeoutDefault
    requestVersion       = HTTP/1.1
  }
   ConnectionTimeout)
[WARNING] This document format requires a nonempty <title> element.
  Please specify either 'title' or 'pagetitle' in the metadata,
  e.g. by using --metadata pagetitle="..." on the command line.
  Falling back to 'markdow-nexample'
PS C:\Users\hallgato\Documents\webtech> pandoc .\beamer-example.md -f markdown-smart -t beamer -V urlcolor=blue -o markdown.pdf
pdflatex not found. Please select a different --pdf-engine or install pdflatex
PS C:\Users\hallgato\Documents\webtech> pandoc .\beamer-example.md -f markdown-smart -t beamer -V urlcolor=blue -o markdown.pdf
pdflatex not found. Please select a different --pdf-engine or install pdflatex
PS C:\Users\hallgato\Documents\webtech>